// Jest Snapshot v1, https://goo.gl/fbAQLP

exports[`<NotificationListItem canToggleNotifications /> initially renders succesfully and displays correct label 1`] = `
<NotificationListItem
  canToggleNotifications={true}
  detailUrl="/foo"
  errorTurnedOn={false}
  i18n={"/i18n/"}
  notification={
    Object {
      "id": 9000,
      "name": "Foo",
      "notification_type": "slack",
    }
  }
  startedTurnedOn={false}
  successTurnedOn={false}
  toggleNotification={[MockFunction]}
  typeLabels={
    Object {
      "slack": "Slack",
    }
  }
>
  <DataListItem
    aria-labelledby="items-list-item-9000"
    id="9000"
    key="9000"
  >
    <li
      aria-labelledby="items-list-item-9000"
      className="pf-c-data-list__item"
      id="9000"
    >
      <DataListItemRow
        key=".0"
        rowid="items-list-item-9000"
      >
        <div
          className="pf-c-data-list__item-row"
        >
          <DataListItemCells
            dataListCells={
              Array [
                <DataListCell>
                  <Link
                    to={
                      Object {
                        "pathname": "/foo",
                      }
                    }
                  >
                    <b
                      id="items-list-item-9000"
                    >
                      Foo
                    </b>
                  </Link>
                </DataListCell>,
                <DataListCell>
                  Slack
                </DataListCell>,
              ]
            }
            key=".0"
            rowid="items-list-item-9000"
          >
            <div
              className="pf-c-data-list__item-content"
            >
              <DataListCell
                key="name"
              >
                <StyledComponent
                  forwardedComponent={
                    Object {
                      "$$typeof": Symbol(react.forward_ref),
                      "attrs": Array [],
                      "componentStyle": ComponentStyle {
                        "componentId": "DataListCell-sc-18ntxrx-0",
                        "isStatic": true,
                        "lastClassName": "flJMIO",
                        "rules": Array [
                          "word-break:break-word;",
                        ],
                      },
                      "displayName": "DataListCell",
                      "foldedComponentIds": Array [],
                      "render": [Function],
                      "styledComponentId": "DataListCell-sc-18ntxrx-0",
                      "target": [Function],
                      "toString": [Function],
                      "warnTooManyClasses": [Function],
                      "withComponent": [Function],
                    }
                  }
                  forwardedRef={null}
                >
                  <PFDataListCell
                    className="DataListCell-sc-18ntxrx-0 flJMIO"
                  >
                    <div
                      className="pf-c-data-list__cell DataListCell-sc-18ntxrx-0 flJMIO"
                    >
                      <Link
                        to={
                          Object {
                            "pathname": "/foo",
                          }
                        }
                      >
                        <LinkAnchor
                          href="/foo"
                          navigate={[Function]}
                        >
                          <a
                            href="/foo"
                            onClick={[Function]}
                          >
                            <b
                              id="items-list-item-9000"
                            >
                              Foo
                            </b>
                          </a>
                        </LinkAnchor>
                      </Link>
                    </div>
                  </PFDataListCell>
                </StyledComponent>
              </DataListCell>
              <DataListCell
                key="type"
              >
                <StyledComponent
                  forwardedComponent={
                    Object {
                      "$$typeof": Symbol(react.forward_ref),
                      "attrs": Array [],
                      "componentStyle": ComponentStyle {
                        "componentId": "DataListCell-sc-18ntxrx-0",
                        "isStatic": true,
                        "lastClassName": "flJMIO",
                        "rules": Array [
                          "word-break:break-word;",
                        ],
                      },
                      "displayName": "DataListCell",
                      "foldedComponentIds": Array [],
                      "render": [Function],
                      "styledComponentId": "DataListCell-sc-18ntxrx-0",
                      "target": [Function],
                      "toString": [Function],
                      "warnTooManyClasses": [Function],
                      "withComponent": [Function],
                    }
                  }
                  forwardedRef={null}
                >
                  <PFDataListCell
                    className="DataListCell-sc-18ntxrx-0 flJMIO"
                  >
                    <div
                      className="pf-c-data-list__cell DataListCell-sc-18ntxrx-0 flJMIO"
                    >
                      Slack
                    </div>
                  </PFDataListCell>
                </StyledComponent>
              </DataListCell>
            </div>
          </DataListItemCells>
          <NotificationListItem__DataListAction
            aria-label="actions"
            aria-labelledby="items-list-item-9000"
            id="items-list-item-9000"
            key=".1"
            rowid="items-list-item-9000"
          >
            <StyledComponent
              aria-label="actions"
              aria-labelledby="items-list-item-9000"
              forwardedComponent={
                Object {
                  "$$typeof": Symbol(react.forward_ref),
                  "attrs": Array [],
                  "componentStyle": ComponentStyle {
                    "componentId": "NotificationListItem__DataListAction-w674ng-0",
                    "isStatic": true,
                    "lastClassName": "hhZchj",
                    "rules": Array [
                      "align-items:center;display:grid;grid-gap:16px;grid-template-columns:repeat(3,max-content);",
                    ],
                  },
                  "displayName": "NotificationListItem__DataListAction",
                  "foldedComponentIds": Array [],
                  "render": [Function],
                  "styledComponentId": "NotificationListItem__DataListAction-w674ng-0",
                  "target": [Function],
                  "toString": [Function],
                  "warnTooManyClasses": [Function],
                  "withComponent": [Function],
                }
              }
              forwardedRef={null}
              id="items-list-item-9000"
              rowid="items-list-item-9000"
            >
              <DataListAction
                aria-label="actions"
                aria-labelledby="items-list-item-9000"
                className="NotificationListItem__DataListAction-w674ng-0 hhZchj"
                id="items-list-item-9000"
                rowid="items-list-item-9000"
              >
                <div
                  className="pf-c-data-list__item-action NotificationListItem__DataListAction-w674ng-0 hhZchj"
                  rowid="items-list-item-9000"
                >
                  <Component
                    aria-label="Toggle notification start"
                    id="notification-9000-started-toggle"
                    isChecked={false}
                    isDisabled={false}
                    label="Start"
                    labelOff="Start"
                    onChange={[Function]}
                  >
                    <ComponentWithOuia
                      component={[Function]}
                      componentProps={
                        Object {
                          "aria-label": "Toggle notification start",
                          "id": "notification-9000-started-toggle",
                          "isChecked": false,
                          "isDisabled": false,
                          "label": "Start",
                          "labelOff": "Start",
                          "onChange": [Function],
                        }
                      }
                      consumerContext={null}
                    >
                      <Switch
                        aria-label="Toggle notification start"
                        className=""
                        id="notification-9000-started-toggle"
                        isChecked={false}
                        isDisabled={false}
                        label="Start"
                        labelOff="Start"
                        onChange={[Function]}
                        ouiaContext={
                          Object {
                            "isOuia": false,
                            "ouiaId": null,
                          }
                        }
                      >
                        <label
                          className="pf-c-switch"
                          htmlFor="notification-9000-started-toggle"
                        >
                          <input
                            aria-label="Toggle notification start"
                            aria-labelledby={null}
                            checked={false}
                            className="pf-c-switch__input"
                            disabled={false}
                            id="notification-9000-started-toggle"
                            onChange={[Function]}
                            type="checkbox"
                          />
                          <span
                            className="pf-c-switch__toggle"
                          />
                          <span
                            aria-hidden="true"
                            className="pf-c-switch__label pf-m-on"
                            id={null}
                          >
                            Start
                          </span>
                          <span
                            aria-hidden="true"
                            className="pf-c-switch__label pf-m-off"
                            id={null}
                          >
                            Start
                          </span>
                        </label>
                      </Switch>
                    </ComponentWithOuia>
                  </Component>
                  <Component
                    aria-label="Toggle notification success"
                    id="notification-9000-success-toggle"
                    isChecked={false}
                    isDisabled={false}
                    label="Success"
                    labelOff="Success"
                    onChange={[Function]}
                  >
                    <ComponentWithOuia
                      component={[Function]}
                      componentProps={
                        Object {
                          "aria-label": "Toggle notification success",
                          "id": "notification-9000-success-toggle",
                          "isChecked": false,
                          "isDisabled": false,
                          "label": "Success",
                          "labelOff": "Success",
                          "onChange": [Function],
                        }
                      }
                      consumerContext={null}
                    >
                      <Switch
                        aria-label="Toggle notification success"
                        className=""
                        id="notification-9000-success-toggle"
                        isChecked={false}
                        isDisabled={false}
                        label="Success"
                        labelOff="Success"
                        onChange={[Function]}
                        ouiaContext={
                          Object {
                            "isOuia": false,
                            "ouiaId": null,
                          }
                        }
                      >
                        <label
                          className="pf-c-switch"
                          htmlFor="notification-9000-success-toggle"
                        >
                          <input
                            aria-label="Toggle notification success"
                            aria-labelledby={null}
                            checked={false}
                            className="pf-c-switch__input"
                            disabled={false}
                            id="notification-9000-success-toggle"
                            onChange={[Function]}
                            type="checkbox"
                          />
                          <span
                            className="pf-c-switch__toggle"
                          />
                          <span
                            aria-hidden="true"
                            className="pf-c-switch__label pf-m-on"
                            id={null}
                          >
                            Success
                          </span>
                          <span
                            aria-hidden="true"
                            className="pf-c-switch__label pf-m-off"
                            id={null}
                          >
                            Success
                          </span>
                        </label>
                      </Switch>
                    </ComponentWithOuia>
                  </Component>
                  <Component
                    aria-label="Toggle notification failure"
                    id="notification-9000-error-toggle"
                    isChecked={false}
                    isDisabled={false}
                    label="Failure"
                    labelOff="Failure"
                    onChange={[Function]}
                  >
                    <ComponentWithOuia
                      component={[Function]}
                      componentProps={
                        Object {
                          "aria-label": "Toggle notification failure",
                          "id": "notification-9000-error-toggle",
                          "isChecked": false,
                          "isDisabled": false,
                          "label": "Failure",
                          "labelOff": "Failure",
                          "onChange": [Function],
                        }
                      }
                      consumerContext={null}
                    >
                      <Switch
                        aria-label="Toggle notification failure"
                        className=""
                        id="notification-9000-error-toggle"
                        isChecked={false}
                        isDisabled={false}
                        label="Failure"
                        labelOff="Failure"
                        onChange={[Function]}
                        ouiaContext={
                          Object {
                            "isOuia": false,
                            "ouiaId": null,
                          }
                        }
                      >
                        <label
                          className="pf-c-switch"
                          htmlFor="notification-9000-error-toggle"
                        >
                          <input
                            aria-label="Toggle notification failure"
                            aria-labelledby={null}
                            checked={false}
                            className="pf-c-switch__input"
                            disabled={false}
                            id="notification-9000-error-toggle"
                            onChange={[Function]}
                            type="checkbox"
                          />
                          <span
                            className="pf-c-switch__toggle"
                          />
                          <span
                            aria-hidden="true"
                            className="pf-c-switch__label pf-m-on"
                            id={null}
                          >
                            Failure
                          </span>
                          <span
                            aria-hidden="true"
                            className="pf-c-switch__label pf-m-off"
                            id={null}
                          >
                            Failure
                          </span>
                        </label>
                      </Switch>
                    </ComponentWithOuia>
                  </Component>
                </div>
              </DataListAction>
            </StyledComponent>
          </NotificationListItem__DataListAction>
        </div>
      </DataListItemRow>
    </li>
  </DataListItem>
</NotificationListItem>
`;
